[INFO] Scanning for projects...
[INFO] 
[INFO] ----------------------< com.trevora:trevora-api >-----------------------
[INFO] Building trevora-api 0.0.1-SNAPSHOT
[INFO]   from pom.xml
[INFO] --------------------------------[ jar ]---------------------------------
[INFO] 
[INFO] >>> spring-boot:3.3.5:run (default-cli) > test-compile @ trevora-api >>>
[INFO] 
[INFO] --- resources:3.3.1:resources (default-resources) @ trevora-api ---
[INFO] Copying 1 resource from src\main\resources to target\classes
[INFO] Copying 0 resource from src\main\resources to target\classes
[INFO] 
[INFO] --- compiler:3.13.0:compile (default-compile) @ trevora-api ---
[INFO] Nothing to compile - all classes are up to date.
[INFO] 
[INFO] --- resources:3.3.1:testResources (default-testResources) @ trevora-api ---
[INFO] skip non existing resourceDirectory C:\Users\USER\Trevora\backend\trevora-api\src\test\resources
[INFO] 
[INFO] --- compiler:3.13.0:testCompile (default-testCompile) @ trevora-api ---
[INFO] No sources to compile
[INFO] 
[INFO] <<< spring-boot:3.3.5:run (default-cli) < test-compile @ trevora-api <<<
[INFO] 
[INFO] 
[INFO] --- spring-boot:3.3.5:run (default-cli) @ trevora-api ---
[INFO] Attaching agents: []

  .   ____          _            __ _ _
 /\\ / ___'_ __ _ _(_)_ __  __ _ \ \ \ \
( ( )\___ | '_ | '_| | '_ \/ _` | \ \ \ \
 \\/  ___)| |_)| | | | | || (_| |  ) ) ) )
  '  |____| .__|_| |_|_| |_\__, | / / / /
 =========|_|==============|___/=/_/_/_/

 :: Spring Boot ::                (v3.3.5)

2026-05-22T01:52:02.248+08:00  INFO 35872 --- [trevora-api] [           main] com.trevora.api.TrevoraApiApplication    : Starting TrevoraApiApplication using Java 21.0.11 with PID 35872 (C:\Users\USER\Trevora\backend\trevora-api\target\classes started by USER in C:\Users\USER\Trevora\backend\trevora-api)
2026-05-22T01:52:02.251+08:00  INFO 35872 --- [trevora-api] [           main] com.trevora.api.TrevoraApiApplication    : No active profile set, falling back to 1 default profile: "default"
2026-05-22T01:52:02.817+08:00  INFO 35872 --- [trevora-api] [           main] .s.d.r.c.RepositoryConfigurationDelegate : Bootstrapping Spring Data JPA repositories in DEFAULT mode.
2026-05-22T01:52:02.890+08:00  INFO 35872 --- [trevora-api] [           main] .s.d.r.c.RepositoryConfigurationDelegate : Finished Spring Data repository scanning in 65 ms. Found 7 JPA repository interfaces.
2026-05-22T01:52:03.414+08:00  INFO 35872 --- [trevora-api] [           main] o.s.b.w.embedded.tomcat.TomcatWebServer  : Tomcat initialized with port 8080 (http)
2026-05-22T01:52:03.429+08:00  INFO 35872 --- [trevora-api] [           main] o.apache.catalina.core.StandardService   : Starting service [Tomcat]
2026-05-22T01:52:03.430+08:00  INFO 35872 --- [trevora-api] [           main] o.apache.catalina.core.StandardEngine    : Starting Servlet engine: [Apache Tomcat/10.1.31]
2026-05-22T01:52:03.509+08:00  INFO 35872 --- [trevora-api] [           main] o.a.c.c.C.[Tomcat].[localhost].[/]       : Initializing Spring embedded WebApplicationContext
2026-05-22T01:52:03.510+08:00  INFO 35872 --- [trevora-api] [           main] w.s.c.ServletWebServerApplicationContext : Root WebApplicationContext: initialization completed in 1220 ms
2026-05-22T01:52:03.667+08:00  INFO 35872 --- [trevora-api] [           main] o.hibernate.jpa.internal.util.LogHelper  : HHH000204: Processing PersistenceUnitInfo [name: default]
2026-05-22T01:52:03.723+08:00  INFO 35872 --- [trevora-api] [           main] org.hibernate.Version                    : HHH000412: Hibernate ORM core version 6.5.3.Final
2026-05-22T01:52:03.750+08:00  INFO 35872 --- [trevora-api] [           main] o.h.c.internal.RegionFactoryInitiator    : HHH000026: Second-level cache disabled
2026-05-22T01:52:04.009+08:00  INFO 35872 --- [trevora-api] [           main] o.s.o.j.p.SpringPersistenceUnitInfo      : No LoadTimeWeaver setup: ignoring JPA class transformer
2026-05-22T01:52:04.034+08:00  INFO 35872 --- [trevora-api] [           main] com.zaxxer.hikari.HikariDataSource       : HikariPool-1 - Starting...
2026-05-22T01:52:04.982+08:00  INFO 35872 --- [trevora-api] [           main] com.zaxxer.hikari.pool.HikariPool        : HikariPool-1 - Added connection org.postgresql.jdbc.PgConnection@255ed8e4
2026-05-22T01:52:04.984+08:00  INFO 35872 --- [trevora-api] [           main] com.zaxxer.hikari.HikariDataSource       : HikariPool-1 - Start completed.
2026-05-22T01:52:05.086+08:00  WARN 35872 --- [trevora-api] [           main] org.hibernate.orm.deprecation            : HHH90000025: PostgreSQLDialect does not need to be specified explicitly using 'hibernate.dialect' (remove the property setting and it will be selected by default)
2026-05-22T01:52:06.241+08:00  INFO 35872 --- [trevora-api] [           main] o.h.e.t.j.p.i.JtaPlatformInitiator       : HHH000489: No JTA platform available (set 'hibernate.transaction.jta.platform' to enable JTA platform integration)
2026-05-22T01:52:06.710+08:00  INFO 35872 --- [trevora-api] [           main] j.LocalContainerEntityManagerFactoryBean : Initialized JPA EntityManagerFactory for persistence unit 'default'
2026-05-22T01:52:07.778+08:00  INFO 35872 --- [trevora-api] [           main] o.s.b.w.embedded.tomcat.TomcatWebServer  : Tomcat started on port 8080 (http) with context path '/'
2026-05-22T01:52:07.785+08:00  INFO 35872 --- [trevora-api] [           main] com.trevora.api.TrevoraApiApplication    : Started TrevoraApiApplication in 5.907 seconds (process running for 6.238)
2026-05-22T01:52:23.534+08:00  INFO 35872 --- [trevora-api] [nio-8080-exec-1] o.a.c.c.C.[Tomcat].[localhost].[/]       : Initializing Spring DispatcherServlet 'dispatcherServlet'
2026-05-22T01:52:23.534+08:00  INFO 35872 --- [trevora-api] [nio-8080-exec-1] o.s.web.servlet.DispatcherServlet        : Initializing Servlet 'dispatcherServlet'
2026-05-22T01:52:23.535+08:00  INFO 35872 --- [trevora-api] [nio-8080-exec-1] o.s.web.servlet.DispatcherServlet        : Completed initialization in 1 ms
